Resolving dependencies...
Downloading packages...
  facebook_auth_desktop 1.0.3 (2.1.1 available)
  flutter_facebook_auth 6.2.0 (7.1.5 available)
  flutter_facebook_auth_platform_interface 5.0.0 (6.1.2 available)
  flutter_facebook_auth_web 5.0.0 (6.1.2 available)
  flutter_lints 2.0.3 (6.0.0 available)
  flutter_secure_storage 9.2.4 (10.0.0 available)
  flutter_secure_storage_linux 1.2.3 (3.0.0 available)
  flutter_secure_storage_macos 3.1.3 (4.0.0 available)
  flutter_secure_storage_platform_interface 1.1.2 (2.0.1 available)
  flutter_secure_storage_web 1.2.1 (2.1.0 available)
  flutter_secure_storage_windows 3.1.2 (4.1.0 available)
  google_fonts 8.0.1 (8.0.2 available)
  google_sign_in 6.3.0 (7.2.0 available)
  google_sign_in_android 6.2.1 (7.2.9 available)
  google_sign_in_ios 5.9.0 (6.3.0 available)
  google_sign_in_platform_interface 2.5.0 (3.1.0 available)
  google_sign_in_web 0.12.4+4 (1.1.2 available)
  googleapis 12.0.0 (16.0.0 available)
  googleapis_auth 1.6.0 (2.1.0 available)
  image_picker_android 0.8.13+13 (0.8.13+14 available)
  js 0.6.7 (0.7.2 available)
  json_annotation 4.10.0 (4.11.0 available)
  lints 2.1.1 (6.1.0 available)
  meta 1.17.0 (1.18.1 available)
  sign_in_with_apple 6.1.4 (7.0.1 available)
  sign_in_with_apple_platform_interface 1.1.0 (2.0.0 available)
  sign_in_with_apple_web 2.1.1 (3.0.0 available)
  timezone 0.10.1 (0.11.0 available)
  win32 5.15.0 (6.0.0 available)
Got dependencies!
29 packages have newer versions incompatible with dependency constraints.
Try `flutter pub outdated` for more information.
Running Gradle task 'assembleRelease'...                        
flutter : lib/admin/screens
/admin_order_screen.dart:26
:45: Error: Not a constant 
expression.
At line:1 char:1
+ flutter build apk 2>&1 | 
tee build_output.txt
+ ~~~~~~~~~~~~~~~~~~~~~~
    + CategoryInfo         
     : NotSpecified: (lib  
  /admin/scree...ant exp   
 ression.:String) [], R    
emoteException
    + FullyQualifiedErrorI 
   d : NativeCommandError
 
              Tab(text: App
Localizations.of(context)!.
all),
                           
                 ^^^^^^^
lib/admin/screens/admin_ord
er_screen.dart:26:42: 
Error: Method invocation 
is not a constant 
expression.
              Tab(text: App
Localizations.of(context)!.
all),
                           
              ^^
lib/admin/screens/admin_ord
er_screen.dart:27:45: 
Error: Not a constant 
expression.
              Tab(text: App
Localizations.of(context)!.
pending),
                           
                 ^^^^^^^
lib/admin/screens/admin_ord
er_screen.dart:27:42: 
Error: Method invocation 
is not a constant 
expression.
              Tab(text: App
Localizations.of(context)!.
pending),
                           
              ^^
lib/admin/screens/admin_ord
er_screen.dart:28:45: 
Error: Not a constant 
expression.
              Tab(text: App
Localizations.of(context)!.
shipped),
                           
                 ^^^^^^^
lib/admin/screens/admin_ord
er_screen.dart:28:42: 
Error: Method invocation 
is not a constant 
expression.
              Tab(text: App
Localizations.of(context)!.
shipped),
                           
              ^^
lib/admin/screens/admin_ord
er_screen.dart:29:45: 
Error: Not a constant 
expression.
              Tab(text: App
Localizations.of(context)!.
delivered),
                           
                 ^^^^^^^
lib/admin/screens/admin_ord
er_screen.dart:29:42: 
Error: Method invocation 
is not a constant 
expression.
              Tab(text: App
Localizations.of(context)!.
delivered),
                           
              ^^
lib/admin/screens/admin_ord
er_screen.dart:30:45: 
Error: Not a constant 
expression.
              Tab(text: App
Localizations.of(context)!.
cancelled),
                           
                 ^^^^^^^
lib/admin/screens/admin_ord
er_screen.dart:30:42: 
Error: Method invocation 
is not a constant 
expression.
              Tab(text: App
Localizations.of(context)!.
cancelled),
                           
              ^^
lib/admin/screens/admin_set
tings_screen.dart:267:51: 
Error: The getter 
'settingsBtn' isn't 
defined for the type 
'AppLocalizations'.
 - 'AppLocalizations' is 
from 'package:reality_cart/
l10n/app_localizations.dart
' ('lib/l10n/app_localizati
ons.dart').
Try correcting the name to 
the name of an existing 
getter, or defining a 
getter or field named 
'settingsBtn'.
        title: Text(AppLoca
lizations.of(context)!.sett
ingsBtn, style: const 
TextStyle(color: 
Colors.white, fontWeight: 
FontWeight.bold)),
                           
                       
^^^^^^^^^^^
lib/admin/screens/admin_ord
er_screen.dart:26:53: 
Error: Not a constant 
expression.
              Tab(text: App
Localizations.of(context)!.
all),
                           
                         ^
Target 
kernel_snapshot_program 
failed: Exception


FAILURE: Build failed with 
an exception.

* What went wrong:
Execution failed for task '
:app:compileFlutterBuildRel
ease'.
> Process 'command 'C:\Soft
ware\flutter\bin\flutter.ba
t'' finished with non-zero 
exit value 1

* Try:
> Run with --stacktrace 
option to get the stack 
trace.
> Run with --info or 
--debug option to get more 
log output.
> Run with --scan to get 
full insights.
> Get more help at 
https://help.gradle.org.

BUILD FAILED in 16s
Running Gradle task 'assembleRelease'...                           16.4s
Gradle task 
assembleRelease failed 
with exit code 1
